// Jest Snapshot v1, https://goo.gl/fbAQLP

exports[`отображается корректно 1`] = `
<div
  className="some"
>
  <h1>
    books list
  </h1>
  <table>
    <tbody>
      <tr>
        <th>
          #
        </th>
        <th>
          Title
        </th>
        <th>
          Price
        </th>
        <th>
          Quantity
        </th>
        <th>
          Total
        </th>
      </tr>
      <tr>
        <td>
          1
        </td>
        <td>
          Война и мир - Л.Н.Толстой
        </td>
        <td>
          800
        </td>
        <td>
          <div
            className="App"
          >
            <button
              className="removeButton"
              onClick={[Function]}
              type="button"
            >
              -
            </button>
            <input
              onBlur={[Function]}
              onChange={[Function]}
              onKeyDown={[Function]}
              type="text"
              value={1}
            />
            <button
              className="addButton"
              onClick={[Function]}
              type="button"
            >
              +
            </button>
          </div>
        </td>
        <td>
          800
        </td>
        <td>
          <div>
            <button
              className="removeButton"
              onClick={[Function]}
              type="button"
            >
              Delete
            </button>
          </div>
        </td>
      </tr>
      <tr>
        <td>
          2
        </td>
        <td>
          Две жизни - К.Е.Антарова
        </td>
        <td>
          700
        </td>
        <td>
          <div
            className="App"
          >
            <button
              className="removeButton"
              onClick={[Function]}
              type="button"
            >
              -
            </button>
            <input
              onBlur={[Function]}
              onChange={[Function]}
              onKeyDown={[Function]}
              type="text"
              value={1}
            />
            <button
              className="addButton"
              onClick={[Function]}
              type="button"
            >
              +
            </button>
          </div>
        </td>
        <td>
          700
        </td>
        <td>
          <div>
            <button
              className="removeButton"
              onClick={[Function]}
              type="button"
            >
              Delete
            </button>
          </div>
        </td>
      </tr>
      <tr>
        <td>
          3
        </td>
        <td>
          Разговор с богом - Н.Д.Уолша
        </td>
        <td>
          1000
        </td>
        <td>
          <div
            className="App"
          >
            <button
              className="removeButton"
              onClick={[Function]}
              type="button"
            >
              -
            </button>
            <input
              onBlur={[Function]}
              onChange={[Function]}
              onKeyDown={[Function]}
              type="text"
              value={1}
            />
            <button
              className="addButton"
              onClick={[Function]}
              type="button"
            >
              +
            </button>
          </div>
        </td>
        <td>
          1000
        </td>
        <td>
          <div>
            <button
              className="removeButton"
              onClick={[Function]}
              type="button"
            >
              Delete
            </button>
          </div>
        </td>
      </tr>
      <tr>
        <td>
          4
        </td>
        <td>
          Хохот Шамана - В.П.Серкин
        </td>
        <td>
          600
        </td>
        <td>
          <div
            className="App"
          >
            <button
              className="removeButton"
              onClick={[Function]}
              type="button"
            >
              -
            </button>
            <input
              onBlur={[Function]}
              onChange={[Function]}
              onKeyDown={[Function]}
              type="text"
              value={1}
            />
            <button
              className="addButton"
              onClick={[Function]}
              type="button"
            >
              +
            </button>
          </div>
        </td>
        <td>
          600
        </td>
        <td>
          <div>
            <button
              className="removeButton"
              onClick={[Function]}
              type="button"
            >
              Delete
            </button>
          </div>
        </td>
      </tr>
      <tr>
        <td>
          5
        </td>
        <td>
          Хроники Ехо - Макс Фрай
        </td>
        <td>
          400
        </td>
        <td>
          <div
            className="App"
          >
            <button
              className="removeButton"
              onClick={[Function]}
              type="button"
            >
              -
            </button>
            <input
              onBlur={[Function]}
              onChange={[Function]}
              onKeyDown={[Function]}
              type="text"
              value={1}
            />
            <button
              className="addButton"
              onClick={[Function]}
              type="button"
            >
              +
            </button>
          </div>
        </td>
        <td>
          400
        </td>
        <td>
          <div>
            <button
              className="removeButton"
              onClick={[Function]}
              type="button"
            >
              Delete
            </button>
          </div>
        </td>
      </tr>
    </tbody>
  </table>
  <div>
    <h3>
      Total: 
      3500
    </h3>
    <h3>
      Book number : 
      5
    </h3>
  </div>
  <div
    className="form"
  >
    <select
      onChange={[Function]}
      selected={true}
      value="true"
    >
      <option
        value="1"
      >
        Обзац 1
      </option>
      <option
        value="2"
      >
        Обзац 2
      </option>
      <option
        value="3"
      >
        Обзац 3
      </option>
    </select>
    <div
      className="form-text"
    />
  </div>
  <a
    href="/"
    onClick={[Function]}
  >
    Login Pass
  </a>
  <a
    href="/about"
    onClick={[Function]}
  >
    About
  </a>
</div>
`;
